14:20:09 **** Build of configuration Debug for project GPIOx Pin LED Toggle using BSRR ****
make -j4 all 
arm-none-eabi-gcc "../Src/main.c" -mcpu=cortex-m4 -std=gnu11 -g3 -DDEBUG -DSTM32 -DSTM32F407G_DISC1 -DSTM32F4 -DSTM32F407VGTx -c -I../Inc -O0 -ffunction-sections -fdata-sections -Wall -fstack-usage -fcyclomatic-complexity -MMD -MP -MF"Src/main.d" -MT"Src/main.o" --specs=nano.specs -mfpu=fpv4-sp-d16 -mfloat-abi=soft -mthumb -o "Src/main.o"
arm-none-eabi-gcc -o "GPIOx Pin LED Toggle using BSRR.elf" @"objects.list"   -mcpu=cortex-m4 -T"/home/sunbeam/Desktop/GIT DATA/STM32F407_Microcontroller_Mini_Projects/GPIOx Pin LED Toggle using BSRR/STM32F407VGTX_FLASH.ld" --specs=nosys.specs -Wl,-Map="GPIOx Pin LED Toggle using BSRR.map" -Wl,--gc-sections -static --specs=nano.specs -mfpu=fpv4-sp-d16 -mfloat-abi=soft -mthumb -Wl,--start-group -lc -lm -Wl,--end-group
Finished building target: GPIOx Pin LED Toggle using BSRR.elf
 
arm-none-eabi-size  GPIOx\ Pin\ LED\ Toggle\ using\ BSRR.elf 
arm-none-eabi-objdump -h -S GPIOx\ Pin\ LED\ Toggle\ using\ BSRR.elf  > "GPIOx Pin LED Toggle using BSRR.list"
   text	   data	    bss	    dec	    hex	filename
    988	      4	   1564	   2556	    9fc	GPIOx Pin LED Toggle using BSRR.elf
Finished building: default.size.stdout
 
Finished building: GPIOx Pin LED Toggle using BSRR.list
 

14:20:11 Build Finished. 0 errors, 0 warnings. (took 1s.385ms)

